2026-03-31 16:03:33,065 - masks - DEBUG: Запускаю функцию маскировки
2026-03-31 16:03:33,065 - masks - DEBUG: Корректный ввод
2026-03-31 16:03:33,066 - masks - DEBUG: Запускаю функцию маскировки
2026-03-31 16:03:33,066 - masks - WARNING: Ввод не корректен
2026-03-31 16:03:33,066 - masks - DEBUG: Запускаю функцию маскировки
2026-03-31 16:03:33,066 - masks - WARNING: Ввод не корректен
2026-03-31 16:03:33,066 - masks - DEBUG: Запускаю фцнкцию проверки счета
2026-03-31 16:03:33,066 - masks - DEBUG: Проверяю на длину ввода
2026-03-31 16:03:33,066 - masks - DEBUG: Корректный ввод
2026-03-31 16:03:33,067 - masks - DEBUG: Запускаю фцнкцию проверки счета
2026-03-31 16:03:33,067 - masks - DEBUG: Проверяю на длину ввода
2026-03-31 16:03:33,067 - masks - WARNING: Ввод не корректен
2026-03-31 16:03:33,067 - masks - DEBUG: Запускаю фцнкцию проверки счета
2026-03-31 16:03:33,067 - masks - DEBUG: Проверяю на длину ввода
2026-03-31 16:03:33,067 - masks - WARNING: Ввод не корректен
2026-03-31 16:03:33,098 - masks - DEBUG: Запускаю фцнкцию проверки счета
2026-03-31 16:03:33,098 - masks - DEBUG: Проверяю на длину ввода
2026-03-31 16:03:33,099 - masks - DEBUG: Корректный ввод
2026-03-31 16:03:33,099 - masks - DEBUG: Запускаю функцию маскировки
2026-03-31 16:03:33,099 - masks - DEBUG: Корректный ввод
2026-03-31 16:04:19,501 - masks - DEBUG: Запускаю функцию маскировки
2026-03-31 16:04:19,501 - masks - DEBUG: Корректный ввод
2026-03-31 16:04:19,502 - masks - DEBUG: Запускаю функцию маскировки
2026-03-31 16:04:19,502 - masks - WARNING: Ввод не корректен
2026-03-31 16:04:19,502 - masks - DEBUG: Запускаю функцию маскировки
2026-03-31 16:04:19,502 - masks - WARNING: Ввод не корректен
2026-03-31 16:04:19,502 - masks - DEBUG: Запускаю фцнкцию проверки счета
2026-03-31 16:04:19,502 - masks - DEBUG: Проверяю на длину ввода
2026-03-31 16:04:19,502 - masks - DEBUG: Корректный ввод
2026-03-31 16:04:19,502 - masks - DEBUG: Запускаю фцнкцию проверки счета
2026-03-31 16:04:19,502 - masks - DEBUG: Проверяю на длину ввода
2026-03-31 16:04:19,503 - masks - WARNING: Ввод не корректен
2026-03-31 16:04:19,503 - masks - DEBUG: Запускаю фцнкцию проверки счета
2026-03-31 16:04:19,503 - masks - DEBUG: Проверяю на длину ввода
2026-03-31 16:04:19,503 - masks - WARNING: Ввод не корректен
2026-03-31 16:04:19,531 - masks - DEBUG: Запускаю фцнкцию проверки счета
2026-03-31 16:04:19,531 - masks - DEBUG: Проверяю на длину ввода
2026-03-31 16:04:19,531 - masks - DEBUG: Корректный ввод
2026-03-31 16:04:19,531 - masks - DEBUG: Запускаю функцию маскировки
2026-03-31 16:04:19,531 - masks - DEBUG: Корректный ввод
2026-04-02 12:42:27,394 - masks - DEBUG: Запускаю функцию маскировки
2026-04-02 12:42:27,394 - masks - DEBUG: Корректный ввод
2026-04-02 12:42:27,394 - masks - DEBUG: Запускаю функцию маскировки
2026-04-02 12:42:27,394 - masks - WARNING: Ввод не корректен
2026-04-02 12:42:27,395 - masks - DEBUG: Запускаю функцию маскировки
2026-04-02 12:42:27,395 - masks - WARNING: Ввод не корректен
2026-04-02 12:42:27,395 - masks - DEBUG: Запускаю фцнкцию проверки счета
2026-04-02 12:42:27,395 - masks - DEBUG: Проверяю на длину ввода
2026-04-02 12:42:27,395 - masks - DEBUG: Корректный ввод
2026-04-02 12:42:27,395 - masks - DEBUG: Запускаю фцнкцию проверки счета
2026-04-02 12:42:27,395 - masks - DEBUG: Проверяю на длину ввода
2026-04-02 12:42:27,395 - masks - WARNING: Ввод не корректен
2026-04-02 12:42:27,395 - masks - DEBUG: Запускаю фцнкцию проверки счета
2026-04-02 12:42:27,396 - masks - DEBUG: Проверяю на длину ввода
2026-04-02 12:42:27,396 - masks - WARNING: Ввод не корректен
2026-04-02 12:42:27,696 - masks - DEBUG: Запускаю фцнкцию проверки счета
2026-04-02 12:42:27,697 - masks - DEBUG: Проверяю на длину ввода
2026-04-02 12:42:27,697 - masks - DEBUG: Корректный ввод
2026-04-02 12:42:27,697 - masks - DEBUG: Запускаю функцию маскировки
2026-04-02 12:42:27,697 - masks - DEBUG: Корректный ввод
2026-04-02 12:44:06,836 - masks - DEBUG: Запускаю функцию маскировки
2026-04-02 12:44:06,837 - masks - DEBUG: Корректный ввод
2026-04-02 12:44:06,837 - masks - DEBUG: Запускаю функцию маскировки
2026-04-02 12:44:06,837 - masks - WARNING: Ввод не корректен
2026-04-02 12:44:06,837 - masks - DEBUG: Запускаю функцию маскировки
2026-04-02 12:44:06,837 - masks - WARNING: Ввод не корректен
2026-04-02 12:44:06,837 - masks - DEBUG: Запускаю фцнкцию проверки счета
2026-04-02 12:44:06,837 - masks - DEBUG: Проверяю на длину ввода
2026-04-02 12:44:06,837 - masks - DEBUG: Корректный ввод
2026-04-02 12:44:06,837 - masks - DEBUG: Запускаю фцнкцию проверки счета
2026-04-02 12:44:06,837 - masks - DEBUG: Проверяю на длину ввода
2026-04-02 12:44:06,837 - masks - WARNING: Ввод не корректен
2026-04-02 12:44:06,837 - masks - DEBUG: Запускаю фцнкцию проверки счета
2026-04-02 12:44:06,838 - masks - DEBUG: Проверяю на длину ввода
2026-04-02 12:44:06,838 - masks - WARNING: Ввод не корректен
2026-04-02 12:44:06,883 - masks - DEBUG: Запускаю фцнкцию проверки счета
2026-04-02 12:44:06,883 - masks - DEBUG: Проверяю на длину ввода
2026-04-02 12:44:06,883 - masks - DEBUG: Корректный ввод
2026-04-02 12:44:06,883 - masks - DEBUG: Запускаю функцию маскировки
2026-04-02 12:44:06,883 - masks - DEBUG: Корректный ввод
2026-04-02 12:46:02,516 - masks - DEBUG: Запускаю функцию маскировки
2026-04-02 12:46:02,517 - masks - DEBUG: Корректный ввод
2026-04-02 12:46:02,517 - masks - DEBUG: Запускаю функцию маскировки
2026-04-02 12:46:02,517 - masks - WARNING: Ввод не корректен
2026-04-02 12:46:02,517 - masks - DEBUG: Запускаю функцию маскировки
2026-04-02 12:46:02,517 - masks - WARNING: Ввод не корректен
2026-04-02 12:46:02,517 - masks - DEBUG: Запускаю фцнкцию проверки счета
2026-04-02 12:46:02,517 - masks - DEBUG: Проверяю на длину ввода
2026-04-02 12:46:02,517 - masks - DEBUG: Корректный ввод
2026-04-02 12:46:02,517 - masks - DEBUG: Запускаю фцнкцию проверки счета
2026-04-02 12:46:02,518 - masks - DEBUG: Проверяю на длину ввода
2026-04-02 12:46:02,518 - masks - WARNING: Ввод не корректен
2026-04-02 12:46:02,518 - masks - DEBUG: Запускаю фцнкцию проверки счета
2026-04-02 12:46:02,518 - masks - DEBUG: Проверяю на длину ввода
2026-04-02 12:46:02,518 - masks - WARNING: Ввод не корректен
2026-04-02 12:46:02,559 - masks - DEBUG: Запускаю фцнкцию проверки счета
2026-04-02 12:46:02,559 - masks - DEBUG: Проверяю на длину ввода
2026-04-02 12:46:02,559 - masks - DEBUG: Корректный ввод
2026-04-02 12:46:02,559 - masks - DEBUG: Запускаю функцию маскировки
2026-04-02 12:46:02,559 - masks - DEBUG: Корректный ввод
2026-04-02 12:46:15,086 - masks - DEBUG: Запускаю функцию маскировки
2026-04-02 12:46:15,086 - masks - DEBUG: Корректный ввод
2026-04-02 12:46:15,086 - masks - DEBUG: Запускаю функцию маскировки
2026-04-02 12:46:15,086 - masks - WARNING: Ввод не корректен
2026-04-02 12:46:15,086 - masks - DEBUG: Запускаю функцию маскировки
2026-04-02 12:46:15,087 - masks - WARNING: Ввод не корректен
2026-04-02 12:46:15,087 - masks - DEBUG: Запускаю фцнкцию проверки счета
2026-04-02 12:46:15,087 - masks - DEBUG: Проверяю на длину ввода
2026-04-02 12:46:15,087 - masks - DEBUG: Корректный ввод
2026-04-02 12:46:15,087 - masks - DEBUG: Запускаю фцнкцию проверки счета
2026-04-02 12:46:15,087 - masks - DEBUG: Проверяю на длину ввода
2026-04-02 12:46:15,087 - masks - WARNING: Ввод не корректен
2026-04-02 12:46:15,088 - masks - DEBUG: Запускаю фцнкцию проверки счета
2026-04-02 12:46:15,088 - masks - DEBUG: Проверяю на длину ввода
2026-04-02 12:46:15,088 - masks - WARNING: Ввод не корректен
2026-04-02 12:46:15,148 - masks - DEBUG: Запускаю фцнкцию проверки счета
2026-04-02 12:46:15,149 - masks - DEBUG: Проверяю на длину ввода
2026-04-02 12:46:15,149 - masks - DEBUG: Корректный ввод
2026-04-02 12:46:15,149 - masks - DEBUG: Запускаю функцию маскировки
2026-04-02 12:46:15,149 - masks - DEBUG: Корректный ввод
2026-04-02 12:52:12,421 - masks - DEBUG: Запускаю функцию маскировки
2026-04-02 12:52:12,421 - masks - DEBUG: Корректный ввод
2026-04-02 12:52:12,421 - masks - DEBUG: Запускаю функцию маскировки
2026-04-02 12:52:12,422 - masks - WARNING: Ввод не корректен
2026-04-02 12:52:12,422 - masks - DEBUG: Запускаю функцию маскировки
2026-04-02 12:52:12,422 - masks - WARNING: Ввод не корректен
2026-04-02 12:52:12,422 - masks - DEBUG: Запускаю фцнкцию проверки счета
2026-04-02 12:52:12,422 - masks - DEBUG: Проверяю на длину ввода
2026-04-02 12:52:12,422 - masks - DEBUG: Корректный ввод
2026-04-02 12:52:12,422 - masks - DEBUG: Запускаю фцнкцию проверки счета
2026-04-02 12:52:12,422 - masks - DEBUG: Проверяю на длину ввода
2026-04-02 12:52:12,422 - masks - WARNING: Ввод не корректен
2026-04-02 12:52:12,422 - masks - DEBUG: Запускаю фцнкцию проверки счета
2026-04-02 12:52:12,422 - masks - DEBUG: Проверяю на длину ввода
2026-04-02 12:52:12,422 - masks - WARNING: Ввод не корректен
2026-04-02 12:52:12,466 - masks - DEBUG: Запускаю фцнкцию проверки счета
2026-04-02 12:52:12,466 - masks - DEBUG: Проверяю на длину ввода
2026-04-02 12:52:12,466 - masks - DEBUG: Корректный ввод
2026-04-02 12:52:12,466 - masks - DEBUG: Запускаю функцию маскировки
2026-04-02 12:52:12,466 - masks - DEBUG: Корректный ввод
2026-04-02 12:56:16,105 - masks - DEBUG: Запускаю функцию маскировки
2026-04-02 12:56:16,105 - masks - DEBUG: Корректный ввод
2026-04-02 12:56:16,105 - masks - DEBUG: Запускаю функцию маскировки
2026-04-02 12:56:16,106 - masks - WARNING: Ввод не корректен
2026-04-02 12:56:16,106 - masks - DEBUG: Запускаю функцию маскировки
2026-04-02 12:56:16,106 - masks - WARNING: Ввод не корректен
2026-04-02 12:56:16,106 - masks - DEBUG: Запускаю фцнкцию проверки счета
2026-04-02 12:56:16,106 - masks - DEBUG: Проверяю на длину ввода
2026-04-02 12:56:16,106 - masks - DEBUG: Корректный ввод
2026-04-02 12:56:16,106 - masks - DEBUG: Запускаю фцнкцию проверки счета
2026-04-02 12:56:16,106 - masks - DEBUG: Проверяю на длину ввода
2026-04-02 12:56:16,106 - masks - WARNING: Ввод не корректен
2026-04-02 12:56:16,107 - masks - DEBUG: Запускаю фцнкцию проверки счета
2026-04-02 12:56:16,107 - masks - DEBUG: Проверяю на длину ввода
2026-04-02 12:56:16,107 - masks - WARNING: Ввод не корректен
2026-04-02 12:56:16,168 - masks - DEBUG: Запускаю фцнкцию проверки счета
2026-04-02 12:56:16,168 - masks - DEBUG: Проверяю на длину ввода
2026-04-02 12:56:16,168 - masks - DEBUG: Корректный ввод
2026-04-02 12:56:16,168 - masks - DEBUG: Запускаю функцию маскировки
2026-04-02 12:56:16,168 - masks - DEBUG: Корректный ввод
2026-04-02 12:57:05,659 - masks - DEBUG: Запускаю функцию маскировки
2026-04-02 12:57:05,660 - masks - DEBUG: Корректный ввод
2026-04-02 12:57:05,660 - masks - DEBUG: Запускаю функцию маскировки
2026-04-02 12:57:05,660 - masks - WARNING: Ввод не корректен
2026-04-02 12:57:05,660 - masks - DEBUG: Запускаю функцию маскировки
2026-04-02 12:57:05,660 - masks - WARNING: Ввод не корректен
2026-04-02 12:57:05,660 - masks - DEBUG: Запускаю фцнкцию проверки счета
2026-04-02 12:57:05,660 - masks - DEBUG: Проверяю на длину ввода
2026-04-02 12:57:05,660 - masks - DEBUG: Корректный ввод
2026-04-02 12:57:05,661 - masks - DEBUG: Запускаю фцнкцию проверки счета
2026-04-02 12:57:05,661 - masks - DEBUG: Проверяю на длину ввода
2026-04-02 12:57:05,661 - masks - WARNING: Ввод не корректен
2026-04-02 12:57:05,661 - masks - DEBUG: Запускаю фцнкцию проверки счета
2026-04-02 12:57:05,661 - masks - DEBUG: Проверяю на длину ввода
2026-04-02 12:57:05,661 - masks - WARNING: Ввод не корректен
2026-04-02 12:57:05,727 - masks - DEBUG: Запускаю фцнкцию проверки счета
2026-04-02 12:57:05,727 - masks - DEBUG: Проверяю на длину ввода
2026-04-02 12:57:05,727 - masks - DEBUG: Корректный ввод
2026-04-02 12:57:05,727 - masks - DEBUG: Запускаю функцию маскировки
2026-04-02 12:57:05,727 - masks - DEBUG: Корректный ввод
